// Jest Snapshot v1, https://goo.gl/fbAQLP

exports[`App renders correctly 1`] = `
<div>
  No message received.
  <div>
    <div>
      Main page
    </div>
    <div
      onClick={[Function]}
      style={
        Object {
          "color": "blue",
          "cursor": "pointer",
        }
      }
    >
      to 
      Another page
    </div>
  </div>
</div>
`;
